{
  "version": "1.5.0",
  "plugins_used": [
    {
      "name": "ArtifactoryDetector"
    },
    {
      "name": "AWSKeyDetector"
    },
    {
      "name": "AzureStorageKeyDetector"
    },
    {
      "name": "Base64HighEntropyString",
      "limit": 4.5
    },
    {
      "name": "BasicAuthDetector"
    },
    {
      "name": "CloudantDetector"
    },
    {
      "name": "DiscordBotTokenDetector"
    },
    {
      "name": "GitHubTokenDetector"
    },
    {
      "name": "GitLabTokenDetector"
    },
    {
      "name": "HexHighEntropyString",
      "limit": 3.0
    },
    {
      "name": "IbmCloudIamDetector"
    },
    {
      "name": "IbmCosHmacDetector"
    },
    {
      "name": "IPPublicDetector"
    },
    {
      "name": "JwtTokenDetector"
    },
    {
      "name": "KeywordDetector",
      "keyword_exclude": ""
    },
    {
      "name": "MailchimpDetector"
    },
    {
      "name": "NpmDetector"
    },
    {
      "name": "OpenAIDetector"
    },
    {
      "name": "PrivateKeyDetector"
    },
    {
      "name": "PypiTokenDetector"
    },
    {
      "name": "SendGridDetector"
    },
    {
      "name": "SlackDetector"
    },
    {
      "name": "SoftlayerDetector"
    },
    {
      "name": "SquareOAuthDetector"
    },
    {
      "name": "StripeDetector"
    },
    {
      "name": "TelegramBotTokenDetector"
    },
    {
      "name": "TwilioKeyDetector"
    }
  ],
  "filters_used": [
    {
      "path": "detect_secrets.filters.allowlist.is_line_allowlisted"
    },
    {
      "path": "detect_secrets.filters.common.is_ignored_due_to_verification_policies",
      "min_level": 2
    },
    {
      "path": "detect_secrets.filters.heuristic.is_indirect_reference"
    },
    {
      "path": "detect_secrets.filters.heuristic.is_likely_id_string"
    },
    {
      "path": "detect_secrets.filters.heuristic.is_lock_file"
    },
    {
      "path": "detect_secrets.filters.heuristic.is_not_alphanumeric_string"
    },
    {
      "path": "detect_secrets.filters.heuristic.is_potential_uuid"
    },
    {
      "path": "detect_secrets.filters.heuristic.is_prefixed_with_dollar_sign"
    },
    {
      "path": "detect_secrets.filters.heuristic.is_sequential_string"
    },
    {
      "path": "detect_secrets.filters.heuristic.is_swagger_file"
    },
    {
      "path": "detect_secrets.filters.heuristic.is_templated_secret"
    },
    {
      "path": "detect_secrets.filters.regex.should_exclude_file",
      "pattern": [
        "\\.secrets\\.baseline$",
        "^tests/.*",
        "^docker/.*",
        "^scripts/archive/.*",
        "\\.lock$",
        "\\.min\\.(js|css)$"
      ]
    }
  ],
  "results": {
    ".github/workflows/ci.yml": [
      {
        "type": "Secret Keyword",
        "filename": ".github/workflows/ci.yml",
        "hashed_secret": "206c80413b9a96c1312cc346b7d2517b84463edd",
        "is_verified": false,
        "line_number": 141
      },
      {
        "type": "Basic Auth Credentials",
        "filename": ".github/workflows/ci.yml",
        "hashed_secret": "206c80413b9a96c1312cc346b7d2517b84463edd",
        "is_verified": false,
        "line_number": 176
      },
      {
        "type": "Secret Keyword",
        "filename": ".github/workflows/ci.yml",
        "hashed_secret": "c4be0d77cae85bb03975bd5378f35444115b31f3",
        "is_verified": false,
        "line_number": 188
      },
      {
        "type": "Secret Keyword",
        "filename": ".github/workflows/ci.yml",
        "hashed_secret": "e3883bda1466374ab06c7c7094381d6660d195bd",
        "is_verified": false,
        "line_number": 189
      },
      {
        "type": "Secret Keyword",
        "filename": ".github/workflows/ci.yml",
        "hashed_secret": "9009e56b69d6f5b032aba5023ca17aaefb601b7f",
        "is_verified": false,
        "line_number": 257
      }
    ],
    "README.md": [
      {
        "type": "Basic Auth Credentials",
        "filename": "README.md",
        "hashed_secret": "f6dd8be55aaf9181ffcd4b7ee1dfe831cd2e5218",
        "is_verified": false,
        "line_number": 176
      }
    ],
    "activate_production.sh": [
      {
        "type": "Base64 High Entropy String",
        "filename": "activate_production.sh",
        "hashed_secret": "e6e9f42fe185737ab9e0442dd750232bba928270",
        "is_verified": false,
        "line_number": 37
      },
      {
        "type": "Secret Keyword",
        "filename": "activate_production.sh",
        "hashed_secret": "e6e9f42fe185737ab9e0442dd750232bba928270",
        "is_verified": false,
        "line_number": 37
      },
      {
        "type": "Base64 High Entropy String",
        "filename": "activate_production.sh",
        "hashed_secret": "353400f7b0b78b546cdafd4b7b9a6e5e842bb0e2",
        "is_verified": false,
        "line_number": 38
      },
      {
        "type": "Secret Keyword",
        "filename": "activate_production.sh",
        "hashed_secret": "353400f7b0b78b546cdafd4b7b9a6e5e842bb0e2",
        "is_verified": false,
        "line_number": 38
      }
    ],
    "alembic.ini": [
      {
        "type": "Basic Auth Credentials",
        "filename": "alembic.ini",
        "hashed_secret": "f6dd8be55aaf9181ffcd4b7ee1dfe831cd2e5218",
        "is_verified": false,
        "line_number": 63
      }
    ],
    "alembic/versions/619207adc7fb_add_version_column_for_optimistic_.py": [
      {
        "type": "Hex High Entropy String",
        "filename": "alembic/versions/619207adc7fb_add_version_column_for_optimistic_.py",
        "hashed_secret": "e19bc61186c1677055e6c0da3b1f2fd3ef56f689",
        "is_verified": false,
        "line_number": 15
      }
    ],
    "alembic/versions/a1b2c3d4e5f6_add_portfolio_snapshots.py": [
      {
        "type": "Hex High Entropy String",
        "filename": "alembic/versions/a1b2c3d4e5f6_add_portfolio_snapshots.py",
        "hashed_secret": "ef678205593788329ff416ce5c65fa04f33a05bd",
        "is_verified": false,
        "line_number": 17
      }
    ],
    "alembic/versions/b441390bfde6_reset_transactional_data_for_production_.py": [
      {
        "type": "Hex High Entropy String",
        "filename": "alembic/versions/b441390bfde6_reset_transactional_data_for_production_.py",
        "hashed_secret": "c4484ec9ffc72c5b24022d4bdc32f962d19615fd",
        "is_verified": false,
        "line_number": 26
      }
    ],
    "app/api/binance_sync_routes.py": [
      {
        "type": "Basic Auth Credentials",
        "filename": "app/api/binance_sync_routes.py",
        "hashed_secret": "f6dd8be55aaf9181ffcd4b7ee1dfe831cd2e5218",
        "is_verified": false,
        "line_number": 157
      }
    ],
    "app/core/optimized_grid_manager.py": [
      {
        "type": "Basic Auth Credentials",
        "filename": "app/core/optimized_grid_manager.py",
        "hashed_secret": "f6dd8be55aaf9181ffcd4b7ee1dfe831cd2e5218",
        "is_verified": false,
        "line_number": 122
      }
    ],
    "app/core/performance_utils.py": [
      {
        "type": "Basic Auth Credentials",
        "filename": "app/core/performance_utils.py",
        "hashed_secret": "f6dd8be55aaf9181ffcd4b7ee1dfe831cd2e5218",
        "is_verified": false,
        "line_number": 92
      }
    ],
    "app/db/init_db.py": [
      {
        "type": "Basic Auth Credentials",
        "filename": "app/db/init_db.py",
        "hashed_secret": "f6dd8be55aaf9181ffcd4b7ee1dfe831cd2e5218",
        "is_verified": false,
        "line_number": 18
      }
    ],
    "app/services/binance_data_sync.py": [
      {
        "type": "Basic Auth Credentials",
        "filename": "app/services/binance_data_sync.py",
        "hashed_secret": "f6dd8be55aaf9181ffcd4b7ee1dfe831cd2e5218",
        "is_verified": false,
        "line_number": 27
      }
    ],
    "app/services/market_data_collector.py": [
      {
        "type": "Basic Auth Credentials",
        "filename": "app/services/market_data_collector.py",
        "hashed_secret": "f6dd8be55aaf9181ffcd4b7ee1dfe831cd2e5218",
        "is_verified": false,
        "line_number": 43
      }
    ],
    "docker-compose.local.yml": [
      {
        "type": "Basic Auth Credentials",
        "filename": "docker-compose.local.yml",
        "hashed_secret": "f6dd8be55aaf9181ffcd4b7ee1dfe831cd2e5218",
        "is_verified": false,
        "line_number": 19
      },
      {
        "type": "Secret Keyword",
        "filename": "docker-compose.local.yml",
        "hashed_secret": "66b922abd9ca0ddbf3747c29d9f84e7328700344",
        "is_verified": false,
        "line_number": 23
      },
      {
        "type": "Secret Keyword",
        "filename": "docker-compose.local.yml",
        "hashed_secret": "f6dd8be55aaf9181ffcd4b7ee1dfe831cd2e5218",
        "is_verified": false,
        "line_number": 86
      },
      {
        "type": "Secret Keyword",
        "filename": "docker-compose.local.yml",
        "hashed_secret": "1c5493156d571bc1656dd09e9dcbcdc1a1c77596",
        "is_verified": false,
        "line_number": 332
      },
      {
        "type": "Secret Keyword",
        "filename": "docker-compose.local.yml",
        "hashed_secret": "e9ca4b95e6bd0e70c0495628991ecafa714357f6",
        "is_verified": false,
        "line_number": 338
      }
    ],
    "docker-compose.yml": [
      {
        "type": "Secret Keyword",
        "filename": "docker-compose.yml",
        "hashed_secret": "f6dd8be55aaf9181ffcd4b7ee1dfe831cd2e5218",
        "is_verified": false,
        "line_number": 11
      }
    ],
    "env.example": [
      {
        "type": "Basic Auth Credentials",
        "filename": "env.example",
        "hashed_secret": "f6dd8be55aaf9181ffcd4b7ee1dfe831cd2e5218",
        "is_verified": false,
        "line_number": 14
      },
      {
        "type": "Basic Auth Credentials",
        "filename": "env.example",
        "hashed_secret": "9d4e1e23bd5b727046a9e3b4b7db57bd8d6ee684",
        "is_verified": false,
        "line_number": 195
      },
      {
        "type": "Basic Auth Credentials",
        "filename": "env.example",
        "hashed_secret": "5baa61e4c9b93f3f0682250b6cf8331b7ee68fd8",
        "is_verified": false,
        "line_number": 196
      }
    ],
    "setup-monitoring.sh": [
      {
        "type": "Secret Keyword",
        "filename": "setup-monitoring.sh",
        "hashed_secret": "1c5493156d571bc1656dd09e9dcbcdc1a1c77596",
        "is_verified": false,
        "line_number": 46
      },
      {
        "type": "Secret Keyword",
        "filename": "setup-monitoring.sh",
        "hashed_secret": "2be88ca4242c76e8253ac62474851065032d6833",
        "is_verified": false,
        "line_number": 55
      }
    ]
  },
  "generated_at": "2026-04-26T22:25:02Z"
}
